Time resolution is 1 ps
========================================
Starting CPU Simulation
========================================
T=0 | PC=xxxxxxxx | INSTR=xxxxxxxx | ALU=00000000 | WB=00000000 | RD=x | REGWRITE=x
T=5000 | PC=00000000 | INSTR=00000000 | ALU=00000000 | WB=00000000 | RD=0 | REGWRITE=0
T=25000 | PC=00000004 | INSTR=00500093 | ALU=00000000 | WB=00000000 | RD=0 | REGWRITE=0
T=35000 | PC=00000008 | INSTR=00500113 | ALU=00000005 | WB=00000000 | RD=0 | REGWRITE=0
T=45000 | PC=0000000c | INSTR=00208463 | ALU=00000005 | WB=00000000 | RD=0 | REGWRITE=0
T=55000 | PC=00000010 | INSTR=00100193 | ALU=00000000 | WB=00000005 | RD=1 | REGWRITE=1
T=65000 | PC=00000014 | INSTR=00900193 | ALU=00000001 | WB=00000005 | RD=2 | REGWRITE=1
T=75000 | PC=00000018 | INSTR=00000000 | ALU=00000009 | WB=00000000 | RD=8 | REGWRITE=0
T=85000 | PC=0000001c | INSTR=00000000 | ALU=00000000 | WB=00000001 | RD=3 | REGWRITE=1
T=95000 | PC=00000020 | INSTR=00000000 | ALU=00000000 | WB=00000009 | RD=3 | REGWRITE=1
T=105000 | PC=00000024 | INSTR=00000000 | ALU=00000000 | WB=00000000 | RD=0 | REGWRITE=0
T=115000 | PC=00000028 | INSTR=00000000 | ALU=00000000 | WB=00000000 | RD=0 | REGWRITE=0
T=125000 | PC=0000002c | INSTR=00000000 | ALU=00000000 | WB=00000000 | RD=0 | REGWRITE=0
T=135000 | PC=00000030 | INSTR=00000000 | ALU=00000000 | WB=00000000 | RD=0 | REGWRITE=0
T=145000 | PC=00000034 | INSTR=00000000 | ALU=00000000 | WB=00000000 | RD=0 | REGWRITE=0
T=155000 | PC=00000038 | INSTR=00000000 | ALU=00000000 | WB=00000000 | RD=0 | REGWRITE=0
T=165000 | PC=0000003c | INSTR=00000000 | ALU=00000000 | WB=00000000 | RD=0 | REGWRITE=0
T=175000 | PC=00000040 | INSTR=00000000 | ALU=00000000 | WB=00000000 | RD=0 | REGWRITE=0
T=185000 | PC=00000044 | INSTR=00000000 | ALU=00000000 | WB=00000000 | RD=0 | REGWRITE=0
T=195000 | PC=00000048 | INSTR=00000000 | ALU=00000000 | WB=00000000 | RD=0 | REGWRITE=0
T=205000 | PC=0000004c | INSTR=00000000 | ALU=00000000 | WB=00000000 | RD=0 | REGWRITE=0
T=215000 | PC=00000050 | INSTR=00000000 | ALU=00000000 | WB=00000000 | RD=0 | REGWRITE=0
T=225000 | PC=00000054 | INSTR=00000000 | ALU=00000000 | WB=00000000 | RD=0 | REGWRITE=0
T=235000 | PC=00000058 | INSTR=00000000 | ALU=00000000 | WB=00000000 | RD=0 | REGWRITE=0
T=245000 | PC=0000005c | INSTR=00000000 | ALU=00000000 | WB=00000000 | RD=0 | REGWRITE=0
T=255000 | PC=00000060 | INSTR=00000000 | ALU=00000000 | WB=00000000 | RD=0 | REGWRITE=0
T=265000 | PC=00000064 | INSTR=00000000 | ALU=00000000 | WB=00000000 | RD=0 | REGWRITE=0
T=275000 | PC=00000068 | INSTR=00000000 | ALU=00000000 | WB=00000000 | RD=0 | REGWRITE=0
T=285000 | PC=0000006c | INSTR=00000000 | ALU=00000000 | WB=00000000 | RD=0 | REGWRITE=0
T=295000 | PC=00000070 | INSTR=00000000 | ALU=00000000 | WB=00000000 | RD=0 | REGWRITE=0
T=305000 | PC=00000074 | INSTR=00000000 | ALU=00000000 | WB=00000000 | RD=0 | REGWRITE=0
T=315000 | PC=00000078 | INSTR=00000000 | ALU=00000000 | WB=00000000 | RD=0 | REGWRITE=0
T=325000 | PC=0000007c | INSTR=00000000 | ALU=00000000 | WB=00000000 | RD=0 | REGWRITE=0
T=335000 | PC=00000080 | INSTR=00000000 | ALU=00000000 | WB=00000000 | RD=0 | REGWRITE=0
T=345000 | PC=00000084 | INSTR=00000013 | ALU=00000000 | WB=00000000 | RD=0 | REGWRITE=0
T=355000 | PC=00000088 | INSTR=00000013 | ALU=00000000 | WB=00000000 | RD=0 | REGWRITE=0
T=365000 | PC=0000008c | INSTR=00000013 | ALU=00000000 | WB=00000000 | RD=0 | REGWRITE=0
T=375000 | PC=00000090 | INSTR=00000013 | ALU=00000000 | WB=00000000 | RD=0 | REGWRITE=1
T=385000 | PC=00000094 | INSTR=00000013 | ALU=00000000 | WB=00000000 | RD=0 | REGWRITE=1
T=395000 | PC=00000098 | INSTR=00000013 | ALU=00000000 | WB=00000000 | RD=0 | REGWRITE=1
T=405000 | PC=0000009c | INSTR=00000013 | ALU=00000000 | WB=00000000 | RD=0 | REGWRITE=1
T=415000 | PC=000000a0 | INSTR=00000013 | ALU=00000000 | WB=00000000 | RD=0 | REGWRITE=1
T=425000 | PC=000000a4 | INSTR=00000013 | ALU=00000000 | WB=00000000 | RD=0 | REGWRITE=1
T=435000 | PC=000000a8 | INSTR=00000013 | ALU=00000000 | WB=00000000 | RD=0 | REGWRITE=1
T=445000 | PC=000000ac | INSTR=00000013 | ALU=00000000 | WB=00000000 | RD=0 | REGWRITE=1
T=455000 | PC=000000b0 | INSTR=00000013 | ALU=00000000 | WB=00000000 | RD=0 | REGWRITE=1
T=465000 | PC=000000b4 | INSTR=00000013 | ALU=00000000 | WB=00000000 | RD=0 | REGWRITE=1
T=475000 | PC=000000b8 | INSTR=00000013 | ALU=00000000 | WB=00000000 | RD=0 | REGWRITE=1
T=485000 | PC=000000bc | INSTR=00000013 | ALU=00000000 | WB=00000000 | RD=0 | REGWRITE=1
T=495000 | PC=000000c0 | INSTR=00000013 | ALU=00000000 | WB=00000000 | RD=0 | REGWRITE=1
========================================
Simulation Finished
========================================
$finish called at time : 500 ns : File "W:/Documents/Vivado/RISC32I/RISC32I.srcs/sim_1/new/tb_core_top.v" Line 49
